../Core/Src/mpu6050.c:87:6:MPU6050_Init	32	static
../Core/Src/mpu6050.c:119:7:MPU6050_Temperature	32	static
../Core/Src/mpu6050.c:132:6:MPU6050_Accel_Config	32	static
../Core/Src/mpu6050.c:142:7:MPU6050_Read_Accel_X	8	static
../Core/Src/mpu6050.c:149:7:MPU6050_Read_Accel_Y	8	static
../Core/Src/mpu6050.c:156:7:MPU6050_Read_Accel_Z	8	static
../Core/Src/mpu6050.c:163:6:MPU6050_Gyro_Config	32	static
../Core/Src/mpu6050.c:174:7:MPU6050_Read_Gyro_X	8	static
../Core/Src/mpu6050.c:181:7:MPU6050_Read_Gyro_Y	8	static
../Core/Src/mpu6050.c:188:7:MPU6050_Read_Gyro_Z	8	static
../Core/Src/mpu6050.c:195:7:MPU6050_Roll_Angle	32	static
../Core/Src/mpu6050.c:204:7:MPU6050_Kalman_Roll_Angle	24	static
../Core/Src/mpu6050.c:217:8:MPU6050_Kalman_Accel_X	24	static
../Core/Src/mpu6050.c:230:8:MPU6050_Kalman_Accel_Y	24	static
../Core/Src/mpu6050.c:243:8:MPU6050_Kalman_Accel_Z	24	static
../Core/Src/mpu6050.c:256:8:MPU6050_Kalman_Gyro_X	24	static
../Core/Src/mpu6050.c:269:8:MPU6050_Kalman_Gyro_Y	24	static
../Core/Src/mpu6050.c:282:8:MPU6050_Kalman_Gyro_Z	24	static
../Core/Src/mpu6050.c:295:7:MPU6050_Kalman_Temp	24	static
